// Jest Snapshot v1, https://goo.gl/fbAQLP

exports[`Footer Component should render default component 1`] = `
<body>
  <div>
    <div
      class="sc-jSgupP iwMEsE"
    >
      <header
        class="sc-bdfBwQ jelvnu"
      >
        <div
          class="sc-hKgILt dhzLxW"
        />
        <h1
          class="sc-gsTCUz gvRwRM"
        >
          Media App Header
        </h1>
        <a
          class="sc-dlfnbm ckTqcN"
          href="/sign-up"
        >
          Create Account
        </a>
      </header>
      <div
        class="sc-gKsewC fxuPQF"
      >
        Test
      </div>
      <footer
        class="sc-eCssSg dNFlXL"
      >
        Footer
      </footer>
    </div>
  </div>
</body>
`;
