// Jest Snapshot v1, https://goo.gl/fbAQLP

exports[`Header Component should render default component with logout link 1`] = `
<DocumentFragment>
  <header
    class="sc-bdfBwQ jelvnu"
  >
    <div
      class="sc-hKgILt dhzLxW"
    />
    <h1
      class="sc-gsTCUz gvRwRM"
    >
      Media App Header
    </h1>
    <a
      class="sc-dlfnbm ckTqcN"
      href="/account"
    >
      Log Out
    </a>
  </header>
</DocumentFragment>
`;
